Removing unused browser at C:\Users\Sidney Jones\AppData\Local\ms-playwright\chromium-1234
Removing unused browser at C:\Users\Sidney Jones\AppData\Local\ms-playwright\chromium_headless_shell-1234
Removing unused browser at C:\Users\Sidney Jones\AppData\Local\ms-playwright\firefox-1538
Removing unused browser at C:\Users\Sidney Jones\AppData\Local\ms-playwright\webkit-2336
Downloading Firefox 141.0 (playwright build v1490)[2m from https://cdn.playwright.dev/dbazure/download/playwright/builds/firefox/1490/firefox-win64.zip[22m
|                                                                                |   0% of 104.4 MiB
|■■■■■■■■                                                                        |  10% of 104.4 MiB
|■■■■■■■■■■■■■■■■                                                                |  20% of 104.4 MiB
|■■■■■■■■■■■■■■■■■■■■■■■■                                                        |  30% of 104.4 MiB
|■■■■■■■■■■■■■■■■■■■■■■■■■■■■■■■■                                                |  40% of 104.4 MiB
|■■■■■■■■■■■■■■■■■■■■■■■■■■■■■■■■■■■■■■■■                                        |  50% of 104.4 MiB
|■■■■■■■■■■■■■■■■■■■■■■■■■■■■■■■■■■■■■■■■■■■■■■■■                                |  60% of 104.4 MiB
|■■■■■■■■■■■■■■■■■■■■■■■■■■■■■■■■■■■■■■■■■■■■■■■■■■■■■■■■                        |  70% of 104.4 MiB
|■■■■■■■■■■■■■■■■■■■■■■■■■■■■■■■■■■■■■■■■■■■■■■■■■■■■■■■■■■■■■■■■                |  80% of 104.4 MiB
|■■■■■■■■■■■■■■■■■■■■■■■■■■■■■■■■■■■■■■■■■■■■■■■■■■■■■■■■■■■■■■■■■■■■■■■■        |  90% of 104.4 MiB
|■■■■■■■■■■■■■■■■■■■■■■■■■■■■■■■■■■■■■■■■■■■■■■■■■■■■■■■■■■■■■■■■■■■■■■■■■■■■■■■■| 100% of 104.4 MiB
Firefox 141.0 (playwright build v1490) downloaded to C:\Users\Sidney Jones\AppData\Local\ms-playwright\firefox-1490
Downloading Webkit 26.0 (playwright build v2203)[2m from https://cdn.playwright.dev/dbazure/download/playwright/builds/webkit/2203/webkit-win64.zip[22m
|                                                                                |   0% of 57 MiB
|■■■■■■■■                                                                        |  10% of 57 MiB
|■■■■■■■■■■■■■■■■                                                                |  20% of 57 MiB
|■■■■■■■■■■■■■■■■■■■■■■■■                                                        |  30% of 57 MiB
|■■■■■■■■■■■■■■■■■■■■■■■■■■■■■■■■                                                |  40% of 57 MiB
|■■■■■■■■■■■■■■■■■■■■■■■■■■■■■■■■■■■■■■■■                                        |  50% of 57 MiB
|■■■■■■■■■■■■■■■■■■■■■■■■■■■■■■■■■■■■■■■■■■■■■■■■                                |  60% of 57 MiB
|■■■■■■■■■■■■■■■■■■■■■■■■■■■■■■■■■■■■■■■■■■■■■■■■■■■■■■■■                        |  70% of 57 MiB
|■■■■■■■■■■■■■■■■■■■■■■■■■■■■■■■■■■■■■■■■■■■■■■■■■■■■■■■■■■■■■■■■                |  80% of 57 MiB
|■■■■■■■■■■■■■■■■■■■■■■■■■■■■■■■■■■■■■■■■■■■■■■■■■■■■■■■■■■■■■■■■■■■■■■■■        |  90% of 57 MiB
|■■■■■■■■■■■■■■■■■■■■■■■■■■■■■■■■■■■■■■■■■■■■■■■■■■■■■■■■■■■■■■■■■■■■■■■■■■■■■■■■| 100% of 57 MiB
Webkit 26.0 (playwright build v2203) downloaded to C:\Users\Sidney Jones\AppData\Local\ms-playwright\webkit-2203
