== M1 gate ==
  passed

== capability UX compilation ==
  hello-world                        compiled Â· 0 fields Â· 1 outcome variants
  live-finance                       compiled Â· 2 fields Â· 1 outcome variants
  personal-greeting                  compiled Â· 1 fields Â· 1 outcome variants
  provider-resolution                compiled Â· 0 fields + example selector Â· 2 outcome variants
compilation    4/4 compiled
receipt        C:/lab/sfx-circuit-workbench/evidence/invoke/capability-ux-compilation.receipt.json

== generated dialogs ==
  dialog-input-hello-world                   input   composed Â· 0 state / 0 bindings / 2 actions
  dialog-outcome-hello-world-greeting        outcome composed Â· 1 state / 1 bindings / 0 actions
  dialog-input-live-finance                  input   composed Â· 2 state / 2 bindings / 2 actions
  dialog-outcome-live-finance-price          outcome composed Â· 5 state / 5 bindings / 0 actions
  dialog-input-personal-greeting             input   composed Â· 1 state / 1 bindings / 2 actions
  dialog-outcome-personal-greeting-greeting  outcome composed Â· 1 state / 1 bindings / 0 actions
  dialog-input-provider-resolution           input   composed Â· 1 state / 1 bindings / 2 actions
  dialog-outcome-provider-resolution-resolved outcome composed Â· 6 state / 6 bindings / 0 actions
  dialog-outcome-provider-resolution-not-observable outcome composed Â· 3 state / 3 bindings / 0 actions
dialogs        9/9 composed
receipt        C:/lab/sfx-circuit-workbench/evidence/invoke/dialog-composition.receipt.json

== command boundary ==
  ok   valid live-finance command is admitted               ADMITTED
  ok   unpublished subject                                  REFUSED / SUBJECT_NOT_PUBLISHED
  ok   stale publication                                    REFUSED / PUBLICATION_STALE
  ok   fixed-field forgery                                  REFUSED / POINTER_NOT_EDITABLE
  ok   undeclared pointer                                   REFUSED / POINTER_NOT_DECLARED
  ok   pattern violation                                    REFUSED / INPUT_INADMISSIBLE
  ok   enum violation                                       REFUSED / INPUT_INADMISSIBLE
  ok   missing required field                               REFUSED / INPUT_INADMISSIBLE
  ok   too-long symbol                                      REFUSED / INPUT_INADMISSIBLE
  ok   fixture inventory forgery on a fixture capability    REFUSED / POINTER_NOT_EDITABLE
  ok   impermissible example                                REFUSED / EXAMPLE_NOT_PERMITTED
  ok   no example chosen for a fixture capability           REFUSED / INPUT_INADMISSIBLE
  ok   hello world needs no editable value                  ADMITTED
  ok   greeting requires a name                             REFUSED / INPUT_INADMISSIBLE
  ok   greeting accepts a name                              ADMITTED
  ok   namespace and endpoint have no place in the command shape
  ok   a repeated requestId reconciles to the same run
boundary       17/17 cases passed
receipt        C:/lab/sfx-circuit-workbench/evidence/invoke/invocation-boundary.receipt.json

== outcome presentation ==
  ok   the retained live-finance outcome matches its declared variant
  ok   observed price binds to the actual returned value
  ok   currency is bound from its own declared pointer
  ok   market time is bound separately from retrieval
  ok   domain disposition carries its declared label
  ok   provider testimony is presented as evidence, not as the result
  ok   quote record preserves each field with its own presence
  ok   zero is a present value, not an absence
  ok   null is distinct from missing
  ok   an absent pointer reports as missing
  ok   a negative domain outcome selects its own declared variant
  ok   the negative variant does not render success elements
  ok   the positive variant is selected by its own discriminator
  ok   an eligible count of zero is presented, not hidden
  ok   an empty collection reports its declared empty text
  ok   an undeclared contract is refused, not rendered
  ok   a right contract with an undeclared disposition is refused, not rendered
  ok   a refusal is a delivery state and preserves the draft
  ok   an uncertain delivery is recoverable and never auto-resubmitted
presentation   19/19 cases passed
receipt        C:/lab/sfx-circuit-workbench/evidence/invoke/outcome-presentation.receipt.json

== overlay provider ==
  ok   anchor Â· a node's centre maps through the camera into viewport space
  ok   anchor Â· changing the camera moves the anchor, so it must be recomputed
  ok   anchor Â· an identity present in the scene resolves to a point
  ok   anchor Â· an absent identity falls back to a labelled viewport transition
  ok   anchor Â· the fallback still carries the semantic identity
  ok   anchor Â· with no scene loaded the anchor is unavailable, not an error
  ok   anchor Â· an anchor naming a different scene does not resolve against this one
  ok   placement Â· an anchor with room below places below it
  ok   placement Â· an anchor near the bottom flips above rather than overflowing
  ok   placement Â· a corner anchor still yields a box inside the viewport
  ok   placement Â· no anchor point centres the overlay
  ok   placement Â· an overlay larger than the viewport is reported, not drawn negative
  ok   placement Â· the transform origin sits inside the overlay box
  ok   motion Â· the declared intent is used when motion is not reduced
  ok   motion Â· reduced motion substitutes the declared fallback
  ok   lifecycle Â· a dialog starts closed with no run and no result
  ok   lifecycle Â· opening expands from the anchor and focuses the first control
  ok   lifecycle Â· editing records the draft
  ok   lifecycle Â· an invalid submission submits nothing and keeps the dialog open
  ok   lifecycle Â· an invalid submission preserves the draft and focuses the first invalid
  ok   lifecycle Â· cancelling before submit invokes nothing
  ok   lifecycle Â· a valid submission moves to submitting and counts one invocation
  ok   lifecycle Â· a second submit while in flight is refused, not queued
  ok   lifecycle Â· a submitted request cannot be cancelled from the dialog
  ok   lifecycle Â· admission associates the run and collapses toward the input node
  ok   lifecycle Â· execution events apply while the run proceeds
  ok   lifecycle Â· an intermediate outcome updates its node without stealing focus
  ok   lifecycle Â· another run's terminal outcome shows an indicator, not a dialog
  ok   lifecycle Â· the active terminal outcome expands from the outcome anchor
  ok   lifecycle Â· dismissing collapses, restores focus and keeps the result indicator
  ok   lifecycle Â· dismissal does not erase the retained outcome
  ok   lifecycle Â· a retained result can be reopened from its node
  ok   lifecycle Â· a run that finishes immediately sequences without inventing delay
  ok   lifecycle Â· an immediate outcome is retained like any other
  ok   lifecycle Â· a refusal preserves the draft and shows why
  ok   lifecycle Â· acknowledging a refusal returns to editing without resubmitting
  ok   lifecycle Â· an uncertain delivery is retained for reconciliation
  ok   lifecycle Â· an uncertain delivery does not resubmit
  ok   lifecycle Â· changing input clears the displayed result but keeps the indicator
  ok   lifecycle Â· an outcome with no admitted run is refused
  ok   lifecycle Â· dismissing when nothing is open is refused
  ok   lifecycle Â· an unknown event is refused, not ignored
  ok   focus Â· opening focuses the first suitable control
  ok   focus Â· an explicit autofocus wins over document order
  ok   focus Â· a disabled first control is skipped
  ok   focus Â· a hidden control is skipped
  ok   focus Â· with nothing focusable, focus goes to the dialog, not the page
  ok   focus Â· Tab moves forward
  ok   focus Â· Tab wraps from the last control to the first
  ok   focus Â· Shift+Tab wraps from the first control to the last
  ok   focus Â· a single focusable control wraps to itself rather than escaping
  ok   focus Â· focus arriving from outside the trap is pulled to an end
  ok   focus Â· with nothing focusable, containment still returns the dialog
  ok   focus Â· after an invalid submission focus goes to the first invalid control
  ok   focus Â· an invalid flag on the descriptor is honoured too
  ok   focus Â· containment recognises the dialog container itself
  ok   focus Â· containment rejects a node outside the overlay
  ok   focus Â· focus returns to the opener when it is still focusable
  ok   focus Â· a vanished opener yields no return target, so the provider must choose
  ok   focus Â· Escape is permitted while editing and while showing an outcome
  ok   focus Â· Escape is refused while a submission is in flight
overlay        61/61 cases passed
receipt        C:\lab\sfx-circuit-workbench\evidence\invoke\overlay-provider.receipt.json

== M2 gate ==
  [~] Hello, personal greeting, all four provider examples and live finance execute from generated dialogs in the Hugging Face workbench
  [~] Dialog collapse and expansion preserve draft, source and result identity
  [~] Live finance evidence shows actual provider response and database-selected normalisation
  [x] Refusals and uncertain outcomes remain accurate
  local steps    all passed
  milestone      INCOMPLETE — nothing was executed and nothing is hosted
  receipt        C:/lab/sfx-circuit-workbench/evidence/m2-gate.receipt.json
